main.c:115:9:get_Minute_led	4	static
main.c:118:9:get_Minute_Offset_led	16	static
main.c:125:9:get_Hour_led	4	static
main.c:129:6:clear_blink	16	static
main.c:137:6:animation	16	static
main.c:159:6:tick	16	static
main.c:169:6:HAL_GPIO_EXTI_Callback	16	static
main.c:186:6:HAL_TIM_PeriodElapsedCallback	56	static
main.c:232:13:flip_Framebuffer	16	static
main.c:244:13:draw_time	32	static
main.c:281:5:main	40	static
main.c:557:6:SystemClock_Config	72	static
main.c:589:13:MX_I2C2_Init	8	static
main.c:621:13:MX_TIM2_Init	32	static
main.c:663:13:MX_TIM3_Init	32	static
main.c:706:13:MX_USART1_UART_Init	8	static
main.c:737:13:MX_GPIO_Init	40	static
main.c:795:6:Error_Handler	8	static
