main.c:115:9:get_Minute_led	4	static
main.c:118:9:get_Minute_Offset_led	4	static
main.c:121:9:get_Hour_led	4	static
main.c:125:6:clear_blink	16	static
main.c:132:6:animation	16	static
main.c:150:6:tick	16	static
main.c:160:6:HAL_GPIO_EXTI_Callback	16	static
main.c:177:6:HAL_TIM_PeriodElapsedCallback	56	static
main.c:223:13:flip_Framebuffer	4	static
main.c:236:5:main	40	static
main.c:469:6:SystemClock_Config	72	static
main.c:504:13:MX_I2C2_Init	8	static
main.c:538:13:MX_TIM2_Init	32	static
main.c:583:13:MX_TIM3_Init	32	static
main.c:629:13:MX_USART1_UART_Init	8	static
main.c:662:13:MX_GPIO_Init	40	static
main.c:717:6:Error_Handler	8	static
